// Vitest Snapshot v1, https://vitest.dev/guide/snapshot.html

exports[`generateTeamBuilderPrompt output is stable (golden snapshot) 1`] = `
"=== 三国谋定天下 - 组队分析 ===

【说明】
- 初始资源说明：初始1个武将和8个战法双方相同，提示中会用【初始】标注；评估时也要考虑对手可能拥有同样资源。
- 战法强度说明：OP > T0 > T1+ > T1 > T2 > T3 > T4
- 战法说明：伤害=直接输出；治疗=回复兵力；属性=属性增减幅度（点）；增伤=造成伤害提升%；减伤=受到伤害降低%；降伤=敌方造成伤害降低%；易伤=敌方受到伤害提升%；闪避=规避率%；攻心=按造成谋略伤害的比例回复自身兵力%；奇谋率=奇谋触发几率提升%；奇谋伤害=奇谋伤害提升%。
- 胜率：经样本量置信修正，共N场为样本量。

【任务】
请根据以下武将池(9名)和战法池(18个)，帮我组建3支最优队伍。
每支队伍3名武将，每名武将分配2个战法（不含自带战法）。
每个武将和战法只能使用一次。

【武将池】
  祝融 | 阵营:群 | 兵种:骑 | 定位:输出核心排名第1 | 自带战法:南疆烈刃 伤害:270 属性:160
    战绩: 共938场, 胜率62.0%
  司马懿 | 阵营:魏 | 兵种:盾 | 定位:输出核心排名第3 | 自带战法:鹰视狼顾
    战绩: 共761场, 胜率58.4%
  姜维 | 阵营:蜀 | 兵种:枪 | 定位:输出核心排名第5 | 自带战法:九伐中原
    战绩: 共694场, 胜率57.3%
    协同: 与诸葛亮2配对胜率70.7%, 加成+27.2%
    协同: 与皇甫嵩2配对胜率66.7%, 加成+10.1%
  诸葛亮2 | 阵营:蜀 | 兵种:盾 | 定位:体系核心排名第1 | 自带战法:星罗棋布
    战绩: 共676场, 胜率67.2%
    协同: 与姜维配对胜率70.7%, 加成+9.4%
  张宁 | 阵营:群 | 兵种:弓 | 定位:输出核心排名第8 | 自带战法:太平余响
    战绩: 共627场, 胜率34.9%
    协同: 与左慈配对胜率47.8%, 加成+24.2%
  孟获 | 阵营:群 | 兵种:盾 | 定位:功能辅助排名第26 | 自带战法:雄护南疆
    战绩: 共609场, 胜率59.5%
    协同: 与祝融配对胜率60.7%, 加成+54.1%
  皇甫嵩2 | 阵营:群 | 兵种:盾 | 定位:体系核心排名第3 | 自带战法:兵动若神 伤害:98 属性:483 减伤:12
    战绩: 共475场, 胜率63.2%
    协同: 与袁术配对胜率69.7%, 加成+36.3%
  左慈 | 阵营:群 | 兵种:盾 | 定位:体系核心排名第2 | 自带战法:云行雨施
    战绩: 共455场, 胜率47.9%
  袁术 | 阵营:群 | 兵种:盾 | 定位:体系核心排名第6 | 自带战法:僭号天子
    战绩: 共442场, 胜率62.5%
    协同: 与皇甫嵩2配对胜率69.7%, 加成+52.2%

【武将配对战绩】(样本≥3)
  祝融+诸葛亮2: 共164场, 胜率64.6%
  祝融+张宁: 共7场, 胜率15.8%
  祝融+孟获: 共593场, 胜率60.7%
  祝融+皇甫嵩2: 共16场, 胜率44.4%
  祝融+左慈: 共6场, 胜率9.7%
  祝融+袁术: 共14场, 胜率38.8%
  司马懿+诸葛亮2: 共14场, 胜率32.6%
  司马懿+张宁: 共3场, 胜率6.1%
  司马懿+皇甫嵩2: 共33场, 胜率55.8%
  司马懿+左慈: 共8场, 胜率21.5%
  司马懿+袁术: 共25场, 胜率40.7%
  姜维+诸葛亮2: 共317场, 胜率70.7%
  姜维+孟获: 共4场, 胜率15.0%
  姜维+皇甫嵩2: 共13场, 胜率66.7%
  姜维+左慈: 共5场, 胜率23.1%
  姜维+袁术: 共12场, 胜率46.8%
  诸葛亮2+张宁: 共4场, 胜率4.6%
  诸葛亮2+孟获: 共103场, 胜率64.5%
  诸葛亮2+皇甫嵩2: 共5场, 胜率56.6%
  诸葛亮2+袁术: 共3场, 胜率6.1%
  张宁+皇甫嵩2: 共9场, 胜率18.9%
  张宁+左慈: 共258场, 胜率47.8%
  张宁+袁术: 共5场, 胜率0.0%
  孟获+皇甫嵩2: 共4场, 胜率30.1%
  孟获+袁术: 共5场, 胜率11.8%
  皇甫嵩2+袁术: 共374场, 胜率69.7%

【三武将组合战绩】(样本≥2, 按胜率排序)
  孟获+祝融+诸葛亮2:  共101场, 胜率63.9%
  皇甫嵩2+祝融+袁术:  共6场, 胜率61.0%
  司马懿+皇甫嵩2+袁术:  共14场, 胜率52.4%
  姜维+皇甫嵩2+诸葛亮2:  共4场, 胜率51.0%
  姜维+皇甫嵩2+袁术:  共4场, 胜率51.0%
  姜维+孟获+诸葛亮2:  共2场, 胜率34.2%
  姜维+左慈+诸葛亮2:  共2场, 胜率34.2%
  孟获+皇甫嵩2+祝融:  共3场, 胜率20.8%
  左慈+张宁+祝融:  共2场, 胜率9.5%
  孟获+祝融+袁术:  共3场, 胜率6.1%

【战法池】
  折冲御侮 | 强度:T0
    战绩: 共1311场, 胜率63.6%
    协同: 与诸葛亮2配对胜率72.5%, 加成+13.7%
  胜敌益强 | 强度:T0
    战绩: 共1274场, 胜率56.6%
    协同: 与祝融配对胜率62.8%, 加成+9.5%
  避其锐气 | 强度:T1+ | 减伤:13
    战绩: 共1008场, 胜率48.3%
  明其虚实 | 强度:T1+ | 伤害:126 属性:112
    战绩: 共914场, 胜率50.0%
    协同: 与姜维配对胜率58.4%, 加成+9.0%
  锐不可当 | 强度:T0
    战绩: 共747场, 胜率58.9%
    协同: 与祝融配对胜率65.6%, 加成+24.7%
  料事如神 | 强度:T1+ | 伤害:162
    战绩: 共726场, 胜率38.7%
  铸甲销戈
    战绩: 共706场, 胜率41.5%
    协同: 与孟获配对胜率53.4%, 加成+13.6%
  运筹帷幄 | 强度:T1 | 属性:140
    战绩: 共702场, 胜率48.2%
    协同: 与袁术配对胜率67.2%, 加成+20.1%
  战八方 | 强度:T1+ | 伤害:215
    战绩: 共686场, 胜率41.8%
  知人善任 | 强度:T1
    战绩: 共660场, 胜率44.7%
    协同: 与袁术配对胜率59.6%, 加成+15.6%
  指点乾坤 | 强度:T0 | 伤害:240
    战绩: 共648场, 胜率54.2%
  惩前毖后 | 强度:T0
    战绩: 共645场, 胜率53.8%
    协同: 与诸葛亮2配对胜率63.0%, 加成+11.9%
  黄天惑心 | 强度:T1+ | 伤害:231
    战绩: 共644场, 胜率42.9%
  步步为营 | 强度:T1+
    战绩: 共631场, 胜率60.0%
    协同: 与袁术配对胜率77.2%, 加成+23.3%
  洗筋伐髓 | 强度:T1+
    战绩: 共614场, 胜率56.5%
    协同: 与皇甫嵩2配对胜率72.2%, 加成+32.3%
  忘私相助 | 强度:T1
    战绩: 共569场, 胜率58.0%
    协同: 与皇甫嵩2配对胜率68.1%, 加成+21.8%
  横征暴敛 | 强度:T0
    战绩: 共555场, 胜率44.7%
  清风驱疾 | 强度:T2 | 治疗:216
    战绩: 共535场, 胜率44.9%

【武将-战法配对战绩】(样本≥3, 按胜率排序, 前40)
  袁术+步步为营: 共134场, 胜率77.2%
  诸葛亮2+折冲御侮: 共374场, 胜率72.5%
  皇甫嵩2+洗筋伐髓: 共291场, 胜率72.2%
  皇甫嵩2+忘私相助: 共263场, 胜率68.1%
  袁术+运筹帷幄: 共18场, 胜率67.2%
  祝融+锐不可当: 共503场, 胜率65.6%
  诸葛亮2+惩前毖后: 共89场, 胜率63.0%
  祝融+胜敌益强: 共311场, 胜率62.8%
  孟获+步步为营: 共142场, 胜率62.5%
  袁术+知人善任: 共10场, 胜率59.6%
  姜维+胜敌益强: 共638场, 胜率58.7%
  姜维+明其虚实: 共20场, 胜率58.4%
  孟获+指点乾坤: 共78场, 胜率58.3%
  左慈+折冲御侮: 共190场, 胜率58.3%
  姜维+惩前毖后: 共226场, 胜率55.9%
  司马懿+明其虚实: 共147场, 胜率55.2%
  孟获+运筹帷幄: 共12场, 胜率55.2%
  司马懿+惩前毖后: 共71场, 胜率54.6%
  孟获+铸甲销戈: 共49场, 胜率53.4%
  诸葛亮2+避其锐气: 共51场, 胜率53.0%
  诸葛亮2+指点乾坤: 共38场, 胜率52.5%
  左慈+知人善任: 共85场, 胜率50.5%
  孟获+避其锐气: 共73场, 胜率50.2%
  姜维+洗筋伐髓: 共72场, 胜率48.2%
  孟获+忘私相助: 共41场, 胜率48.1%
  诸葛亮2+忘私相助: 共20场, 胜率48.1%
  祝融+洗筋伐髓: 共27场, 胜率47.8%
  祝融+战八方: 共64场, 胜率47.1%
  诸葛亮2+铸甲销戈: 共26场, 胜率46.2%
  诸葛亮2+知人善任: 共19场, 胜率46.0%
  袁术+避其锐气: 共47场, 胜率45.3%
  袁术+料事如神: 共6场, 胜率43.6%
  张宁+明其虚实: 共322场, 胜率43.0%
  诸葛亮2+运筹帷幄: 共24场, 胜率42.7%
  孟获+横征暴敛: 共21场, 胜率40.9%
  姜维+锐不可当: 共23场, 胜率40.8%
  诸葛亮2+清风驱疾: 共31场, 胜率40.8%
  张宁+黄天惑心: 共298场, 胜率39.7%
  司马懿+胜敌益强: 共12场, 胜率39.1%
  姜维+折冲御侮: 共16场, 胜率38.6%

【请你分析】
请根据以上数据，组建3支最优队伍，按以下优先级考虑：
1. 排名：定位(体系核心/输出核心/输出辅助/功能辅助)排名越靠前越强（同定位内比较）
2. 胜率：三人组合战绩、武将配对/武将-战法配对，优先选择历史胜率高的组合
3. 战法预估（伤害/治疗/属性/增伤/减伤/降伤/易伤/闪避/攻心/奇谋率/奇谋伤害）
4. 协同/阵营/兵种：作为队伍成型与同分加分项

最终目的是组3个队伍，每个队伍3个武将（每队至少1个输出核心），每个武将1个自带战法（固定）+ 2个战法。请给出3支队伍的具体配置（每队3武将+每人2战法）。

【输出要求】回答务必简明扼要：1) 直接列出3支队伍的最终配置（武将+战法），用紧凑表格或列表形式；2) 每支队伍后用 2-3 条短要点说明定位与核心思路（每条不超过 40 字）；3) 不要复述输入数据，不要罗列被淘汰的备选方案。"
`;
