// Vitest Snapshot v1, https://vitest.dev/guide/snapshot.html

exports[`recommendHeroSet is stable 1`] = `
[
  {
    "heroes": [
      "祝融",
      "孟获",
    ],
    "score": 40.2939977611375,
  },
  {
    "heroes": [
      "司马懿",
      "姜维",
    ],
    "score": 36.144444651449994,
  },
  {
    "heroes": [
      "诸葛亮2",
      "张宁",
    ],
    "score": 28.353405732225,
  },
]
`;

exports[`recommendSingleHero is stable 1`] = `
{
  "hero": "姜维",
  "score": 55.4168375,
}
`;

exports[`recommendSkillSet is stable 1`] = `
[
  {
    "score": 42.078295,
    "skills": [
      "折冲御侮",
      "胜敌益强",
    ],
  },
  {
    "score": 43.2139,
    "skills": [
      "避其锐气",
      "明其虚实",
    ],
  },
  {
    "score": 44.230631098399996,
    "skills": [
      "锐不可当",
      "料事如神",
    ],
  },
]
`;

exports[`recommendTeams is stable 1`] = `
[
  {
    "heroes": [
      {
        "name": "孟获",
        "skillDetails": [
          {
            "pairInfo": {
              "losses": 42,
              "total": 142,
              "wilson": 0.624579,
              "wins": 100,
            },
            "score": 0.624579,
            "skill": "步步为营",
          },
          {
            "pairInfo": {
              "losses": 24,
              "total": 78,
              "wilson": 0.58288,
              "wins": 54,
            },
            "score": 0.58288,
            "skill": "指点乾坤",
          },
        ],
        "skills": [
          "步步为营",
          "指点乾坤",
        ],
      },
      {
        "name": "祝融",
        "skillDetails": [
          {
            "pairInfo": {
              "losses": 152,
              "total": 503,
              "wilson": 0.656307,
              "wins": 351,
            },
            "score": 0.656307,
            "skill": "锐不可当",
          },
          {
            "pairInfo": {
              "losses": 99,
              "total": 311,
              "wilson": 0.627952,
              "wins": 212,
            },
            "score": 0.627952,
            "skill": "胜敌益强",
          },
        ],
        "skills": [
          "锐不可当",
          "胜敌益强",
        ],
      },
      {
        "name": "诸葛亮2",
        "skillDetails": [
          {
            "pairInfo": {
              "losses": 86,
              "total": 374,
              "wilson": 0.724789,
              "wins": 288,
            },
            "score": 0.724789,
            "skill": "折冲御侮",
          },
          {
            "pairInfo": {
              "losses": 24,
              "total": 89,
              "wilson": 0.630032,
              "wins": 65,
            },
            "score": 0.630032,
            "skill": "惩前毖后",
          },
        ],
        "skills": [
          "折冲御侮",
          "惩前毖后",
        ],
      },
    ],
  },
  {
    "heroes": [
      {
        "name": "司马懿",
        "skillDetails": [
          {
            "pairInfo": {
              "losses": 54,
              "total": 147,
              "wilson": 0.552267,
              "wins": 93,
            },
            "score": 0.552267,
            "skill": "明其虚实",
          },
          {
            "pairInfo": {
              "losses": 5,
              "total": 12,
              "wilson": 0.319507,
              "wins": 7,
            },
            "score": 0.319507,
            "skill": "黄天惑心",
          },
        ],
        "skills": [
          "明其虚实",
          "黄天惑心",
        ],
      },
      {
        "name": "皇甫嵩2",
        "skillDetails": [
          {
            "pairInfo": {
              "losses": 66,
              "total": 291,
              "wilson": 0.721704,
              "wins": 225,
            },
            "score": 0.721704,
            "skill": "洗筋伐髓",
          },
          {
            "pairInfo": {
              "losses": 69,
              "total": 263,
              "wilson": 0.681327,
              "wins": 194,
            },
            "score": 0.681327,
            "skill": "忘私相助",
          },
        ],
        "skills": [
          "洗筋伐髓",
          "忘私相助",
        ],
      },
      {
        "name": "袁术",
        "skillDetails": [
          {
            "pairInfo": {
              "losses": 2,
              "total": 18,
              "wilson": 0.671998,
              "wins": 16,
            },
            "score": 0.671998,
            "skill": "运筹帷幄",
          },
          {
            "pairInfo": {
              "losses": 1,
              "total": 10,
              "wilson": 0.595844,
              "wins": 9,
            },
            "score": 0.595844,
            "skill": "知人善任",
          },
        ],
        "skills": [
          "运筹帷幄",
          "知人善任",
        ],
      },
    ],
  },
  {
    "heroes": [
      {
        "name": "姜维",
        "skillDetails": [
          {
            "pairInfo": {
              "losses": 1,
              "total": 3,
              "wilson": 0.207655,
              "wins": 2,
            },
            "score": 0.207655,
            "skill": "战八方",
          },
          {
            "pairInfo": {
              "losses": 0,
              "total": 1,
              "wilson": 0.206543,
              "wins": 1,
            },
            "score": 0.206543,
            "skill": "避其锐气",
          },
        ],
        "skills": [
          "战八方",
          "避其锐气",
        ],
      },
      {
        "name": "左慈",
        "skillDetails": [
          {
            "pairInfo": {
              "losses": 20,
              "total": 40,
              "wilson": 0.351993,
              "wins": 20,
            },
            "score": 0.351993,
            "skill": "铸甲销戈",
          },
          {
            "pairInfo": {
              "losses": 25,
              "total": 45,
              "wilson": 0.309387,
              "wins": 20,
            },
            "score": 0.309387,
            "skill": "清风驱疾",
          },
        ],
        "skills": [
          "铸甲销戈",
          "清风驱疾",
        ],
      },
      {
        "name": "张宁",
        "skillDetails": [
          {
            "pairInfo": {
              "losses": 16,
              "total": 27,
              "wilson": 0.245145,
              "wins": 11,
            },
            "score": 0.245145,
            "skill": "料事如神",
          },
          {
            "pairInfo": null,
            "score": 0,
            "skill": "横征暴敛",
          },
        ],
        "skills": [
          "料事如神",
          "横征暴敛",
        ],
      },
    ],
  },
]
`;

exports[`recommendTwoSkills is stable 1`] = `
{
  "score": 45.191208712000005,
  "skills": [
    "锐不可当",
    "折冲御侮",
  ],
}
`;
